03/24/12, 14:10:53, 4, 0, D:\Weaving\IFAS\IFAS\Reports\Challan\DOS\DELIVERYCHALLANPSF.RPT:Group specified on a non-recurring field.
03/24/12, 14:11:12, 4, 0, D:\Weaving\IFAS\IFAS\Reports\Challan\DOS\DELIVERYCHALLANPSF.RPT:Group specified on a non-recurring field.
03/24/12, 14:12:30, 4, 0, D:\Weaving\IFAS\IFAS\Reports\Challan\DOS\DELIVERYCHALLANPSF.RPT:Group specified on a non-recurring field.
03/24/12, 14:14:05, 4, 0, D:\Weaving\IFAS\IFAS\Reports\Challan\DOS\DELIVERYCHALLANPSF.RPT:Group specified on a non-recurring field.
03/24/12, 14:34:42, 4, 0, D:\Weaving\IFAS\IFAS\Reports\Challan\DOS\DELIVERYCHALLANPSF.RPT:Group specified on a non-recurring field.
03/24/12, 14:50:59, 4, 0, D:\Weaving\IFAS\IFAS\Reports\Challan\DOS\DELIVERYCHALLANPSF.RPT:Group specified on a non-recurring field.
03/24/12, 14:51:00, 4, 0, D:\Weaving\IFAS\IFAS\Reports\Challan\DOS\DELIVERYCHALLANPSF.RPT:Group specified on a non-recurring field.
03/24/12, 14:51:01, 4, 0, D:\Weaving\IFAS\IFAS\Reports\Challan\DOS\DELIVERYCHALLANPSF.RPT:Group specified on a non-recurring field.
03/24/12, 14:52:43, 4, 0, D:\Weaving\IFAS\IFAS\Reports\Challan\DOS\DELIVERYCHALLANPSF.RPT:Group specified on a non-recurring field.
03/24/12, 14:53:11, 4, 0, D:\Weaving\IFAS\IFAS\Reports\Challan\DOS\DELIVERYCHALLANPSF.RPT:Group specified on a non-recurring field.
03/24/12, 14:53:27, 4, 0, D:\Weaving\IFAS\IFAS\Reports\Challan\DOS\DELIVERYCHALLANPSF.RPT:Group specified on a non-recurring field.
03/24/12, 14:54:19, 4, 0, D:\Weaving\IFAS\IFAS\Reports\Challan\DOS\DELIVERYCHALLANPSF.RPT:Group specified on a non-recurring field.
03/24/12, 14:55:11, 4, 0, D:\Weaving\IFAS\IFAS\Reports\Challan\DOS\DELIVERYCHALLANPSF.RPT:Group specified on a non-recurring field.
03/24/12, 14:56:14, 4, 0, D:\Weaving\IFAS\IFAS\Reports\Challan\DOS\DELIVERYCHALLANPSF.RPT:Group specified on a non-recurring field.
03/24/12, 14:56:23, 4, 0, D:\Weaving\IFAS\IFAS\Reports\Challan\DOS\DELIVERYCHALLANPSF.RPT:Group specified on a non-recurring field.
03/24/12, 14:57:09, 4, 0, D:\Weaving\IFAS\IFAS\Reports\Challan\DOS\DELIVERYCHALLANPSF.RPT:Group specified on a non-recurring field.
03/24/12, 14:57:54, 4, 0, D:\Weaving\IFAS\IFAS\Reports\Challan\DOS\DELIVERYCHALLANPSF.RPT:Group specified on a non-recurring field.
03/24/12, 14:58:00, 4, 0, D:\Weaving\IFAS\IFAS\Reports\Challan\DOS\DELIVERYCHALLANPSF.RPT:Group specified on a non-recurring field.
03/24/12, 14:58:24, 4, 0, D:\Weaving\IFAS\IFAS\Reports\Challan\DOS\DELIVERYCHALLANPSF.RPT:Group specified on a non-recurring field.
03/24/12, 14:58:42, 4, 0, D:\Weaving\IFAS\IFAS\Reports\Challan\DOS\DELIVERYCHALLANPSF.RPT:Group specified on a non-recurring field.
03/24/12, 14:58:44, 4, 0, D:\Weaving\IFAS\IFAS\Reports\Challan\DOS\DELIVERYCHALLANPSF.RPT:Group specified on a non-recurring field.
03/24/12, 14:58:50, 4, 0, D:\Weaving\IFAS\IFAS\Reports\Challan\DOS\DELIVERYCHALLANPSF.RPT:Group specified on a non-recurring field.
03/24/12, 15:00:35, 4, 0, D:\Weaving\IFAS\IFAS\Reports\Challan\DOS\DELIVERYCHALLANPSF.RPT:Group specified on a non-recurring field.
04/16/12, 14:34:57, 4, 0, D:\Weaving\IFAS\IFAS\Reports\Challan\DOS\GatepassNilam.RPT:This field name is not known.
04/16/12, 14:34:57, 4, 0, D:\Weaving\IFAS\IFAS\Reports\Challan\DOS\GatepassNilam.RPT:This field name is not known.
04/21/12, 14:19:04, 4, 0, D:\Weaving\IFAS\IFAS\Reports\Challan\DOS\CartoonDespatchHiren.rpt:Server has not yet been opened.
05/03/12, 13:44:49, 4, 0, :File not found.
05/03/12, 13:44:49, 4, 0, :File not found.
06/16/12, 15:27:26, 4, 0, :File not found.
06/16/12, 15:27:26, 4, 0, :File not found.
06/29/12, 18:19:59, 4, 0, :Invalid directory.
06/29/12, 18:19:59, 4, 0, :Invalid directory.
07/20/12, 11:38:05, 4, 0, :File not found.
07/20/12, 11:38:05, 4, 0, :File not found.
08/10/12, 13:36:55, 4, 0, :File not found.
08/10/12, 13:36:55, 4, 0, :File not found.
08/10/12, 13:36:55, 4, 0, :File not found.
05/09/13, 16:37:55, 4, 0, :Invalid directory.
05/09/13, 16:37:55, 4, 0, :Invalid directory.
05/09/13, 16:40:48, 4, 0, D:\Weaving\IFAS\IFAS\Reports\Grade Reports\KAYSLM\Pending\DenierLot\DenierGradeCopsCartoon.rpt:Invalid report version.
05/09/13, 16:40:48, 4, 0, D:\Weaving\IFAS\IFAS\Reports\Grade Reports\KAYSLM\Pending\DenierLot\DenierGradeCopsCartoon.rpt:Invalid report version.
10/09/13, 17:30:11, 4, 0, D:\Weaving\IFAS\IFAS\Reports\Challan\DOS\PrabhatDiesal.RPT:Server has not yet been opened.
10/20/13, 12:36:29, 4, 0, :File not found.
10/20/13, 12:36:29, 4, 0, :File not found.
03/20/14, 14:24:53, 4, 0, D:\Weaving\IFAS\IFAS\Reports\Challan\DOS\YarnJobWorkIssueChallan.rpt:This field name is not known.
03/20/14, 14:24:53, 4, 0, D:\Weaving\IFAS\IFAS\Reports\Challan\DOS\YarnJobWorkIssueChallan.rpt:This field name is not known.
03/20/14, 14:27:24, 4, 0, D:\Weaving\IFAS\IFAS\Reports\Challan\DOS\YarnJobWorkIssueChallan.rpt:This field name is not known.
03/20/14, 14:27:24, 4, 0, D:\Weaving\IFAS\IFAS\Reports\Challan\DOS\YarnJobWorkIssueChallan.rpt:This field name is not known.
03/20/14, 14:28:26, 4, 0, D:\Weaving\IFAS\IFAS\Reports\Challan\DOS\YarnJobWorkIssueChallan.rpt:This field name is not known.
03/20/14, 14:28:26, 4, 0, D:\Weaving\IFAS\IFAS\Reports\Challan\DOS\YarnJobWorkIssueChallan.rpt:This field name is not known.
05/06/14, 12:13:39, 4, 0, :File not found.
05/06/14, 12:13:39, 4, 0, :File not found.
05/06/14, 12:13:43, 4, 0, :File not found.
06/16/14, 13:12:25, 4, 0, :Invalid directory.
06/16/14, 13:12:25, 4, 0, :Invalid directory.
07/12/14, 15:03:50, 4, 0, :File not found.
07/12/14, 15:03:51, 4, 0, :File not found.
07/12/14, 15:16:26, 4, 0, :File not found.
07/12/14, 15:16:26, 4, 0, :File not found.
08/06/14, 09:45:57, 4, 0, :File not found.
08/06/14, 09:45:57, 4, 0, :File not found.
08/06/14, 09:46:21, 4, 0, :File not found.
08/06/14, 09:46:21, 4, 0, :File not found.
08/06/14, 09:54:53, 4, 0, :File not found.
08/06/14, 09:54:53, 4, 0, :File not found.
08/06/14, 09:57:35, 4, 0, :File not found.
08/06/14, 09:57:35, 4, 0, :File not found.
12/12/14, 13:29:41, 4, 0, :Invalid directory.
12/12/14, 13:29:41, 4, 0, :Invalid directory.
12/12/14, 13:29:49, 4, 0, :Invalid directory.
12/12/14, 13:29:49, 4, 0, :Invalid directory.
12/12/14, 13:30:39, 4, 0, :Invalid directory.
12/12/14, 13:30:39, 4, 0, :Invalid directory.
02/17/15, 10:44:13, 4, 0, D:\Weaving\IFAS\IFAS\Reports\Challan\DOS\TakaDeliveryChallan24PREET.RPT:Server has not yet been opened.
08/19/15, 10:54:41, 4, 0, D:\Weaving\IFAS\IFAS\Reports\Grade Reports\Others\DenierGrade.rpt:Invalid report version.
08/19/15, 10:54:41, 4, 0, D:\Weaving\IFAS\IFAS\Reports\Grade Reports\Others\DenierGrade.rpt:Invalid report version.
08/19/15, 10:55:09, 4, 0, D:\Weaving\IFAS\IFAS\Reports\Grade Reports\Others\DenierGrade.rpt:Invalid report version.
08/19/15, 10:55:09, 4, 0, D:\Weaving\IFAS\IFAS\Reports\Grade Reports\Others\DenierGrade.rpt:Invalid report version.
08/19/15, 10:58:39, 4, 0, D:\Weaving\IFAS\IFAS\Reports\Grade Reports\Others\DenierGrade.rpt:Invalid report version.
08/19/15, 10:58:39, 4, 0, D:\Weaving\IFAS\IFAS\Reports\Grade Reports\Others\DenierGrade.rpt:Invalid report version.
01/20/16, 11:41:21, 4, 0, :Invalid directory.
01/20/16, 11:41:21, 4, 0, :Invalid directory.
01/20/16, 11:47:20, 4, 0, D:\Weaving\IFAS\IFAS\Reports\Texturizing\AvgWtWiseDespatch.rpt:This field name is not known.
01/20/16, 11:47:20, 4, 0, D:\Weaving\IFAS\IFAS\Reports\Texturizing\AvgWtWiseDespatch.rpt:This field name is not known.
01/20/16, 11:47:42, 4, 0, D:\Weaving\IFAS\IFAS\Reports\Texturizing\AvgWtWiseDespatch.rpt:This field name is not known.
01/20/16, 11:47:42, 4, 0, D:\Weaving\IFAS\IFAS\Reports\Texturizing\AvgWtWiseDespatch.rpt:This field name is not known.
01/20/16, 11:49:52, 4, 0, D:\Weaving\IFAS\IFAS\Reports\Texturizing\AvgWtWiseDespatch.rpt:This field name is not known.
01/20/16, 11:49:52, 4, 0, D:\Weaving\IFAS\IFAS\Reports\Texturizing\AvgWtWiseDespatch.rpt:This field name is not known.
03/18/16, 14:48:51, 4, 0, D:\Weaving\IFAS\IFAS\Reports\Texturizing\AvgWtWiseStock.rpt:Division by zero.
03/18/16, 14:50:22, 4, 0, D:\Weaving\IFAS\IFAS\Reports\Texturizing\AvgWtWiseStock.rpt:Division by zero.
03/18/16, 15:09:12, 4, 0, D:\Weaving\IFAS\IFAS\Reports\Challan\DOS\SWATIDYEING.RPT:A memo field cannot be used in a formula.
03/18/16, 15:09:12, 4, 0, D:\Weaving\IFAS\IFAS\Reports\Challan\DOS\SWATIDYEING.RPT:This field name is not known.
03/19/16, 14:10:21, 4, 0, D:\Weaving\IFAS\IFAS\Reports\Challan\DOS\SWATIDYEING.RPT:A memo field cannot be used in a formula.
03/19/16, 14:10:21, 4, 0, D:\Weaving\IFAS\IFAS\Reports\Challan\DOS\SWATIDYEING.RPT:This field name is not known.
04/10/16, 12:50:54, 4, 0, D:\Weaving\IFAS\IFAS\Reports\Challan\DOS\CartoonDespatchHiren.rpt:Server has not yet been opened.
04/10/16, 13:22:28, 4, 0, :Invalid directory.
04/10/16, 13:22:28, 4, 0, :Invalid directory.
04/18/16, 19:31:25, 4, 0, :File not found.
04/18/16, 19:31:26, 4, 0, :File not found.
07/26/16, 16:38:57, 4, 0, D:\Weaving\IFAS\IFAS\Reports\Grade Reports\VINFAB\Pending\DenierLot\DenierGradeCopsCartoon.rpt:This field name is not known.
07/26/16, 16:38:57, 4, 0, D:\Weaving\IFAS\IFAS\Reports\Grade Reports\VINFAB\Pending\DenierLot\DenierGradeCopsCartoon.rpt:This field name is not known.
07/26/16, 16:39:18, 4, 0, D:\Weaving\IFAS\IFAS\Reports\Grade Reports\VINFAB\Pending\DenierLot\DenierGradeCopsCartoon.rpt:This field name is not known.
07/26/16, 16:39:18, 4, 0, D:\Weaving\IFAS\IFAS\Reports\Grade Reports\VINFAB\Pending\DenierLot\DenierGradeCopsCartoon.rpt:This field name is not known.
09/10/16, 16:14:46, 4, 0, :File not found.
09/10/16, 16:14:46, 4, 0, :File not found.
09/22/16, 18:20:32, 4, 0, :Invalid directory.
09/22/16, 18:20:32, 4, 0, :Invalid directory.
09/22/16, 18:21:34, 4, 0, :File not found.
09/22/16, 18:21:34, 4, 0, :File not found.
10/06/16, 09:53:48, 4, 0, D:\Weaving\IFAS\IFAS\Reports\Grade Reports\VINFAB\Pending\DenierLot\DenierGrade.rpt:This field name is not known.
10/06/16, 09:53:48, 4, 0, D:\Weaving\IFAS\IFAS\Reports\Grade Reports\VINFAB\Pending\DenierLot\DenierGrade.rpt:This field name is not known.
07/18/17, 18:35:48, 4, 0, :File not found.
07/18/17, 18:35:48, 4, 0, :File not found.
08/04/17, 15:49:22, 4, 0, D:\Weaving\IFAS\IFAS\Reports\Choksi Invoices\rptIndentNew.rpt:Server has not yet been opened.
12/20/17, 19:19:51, 4, 0, :File not found.
12/20/17, 19:19:51, 4, 0, :File not found.
12/05/18, 12:40:17, 4, 0, \\SERVER\Library\Weaving\IFAS\Reports\Grade Reports\SANFAC\Productions\Machine\DenierGrade.rpt:Invalid report version.
12/05/18, 12:40:17, 4, 0, \\SERVER\Library\Weaving\IFAS\Reports\Grade Reports\SANFAC\Productions\Machine\DenierGrade.rpt:Invalid report version.
01/11/19, 17:12:36, 4, 0, D:\Library\Weaving\IFAS\Reports\OS Reports\CHKTRD\DailyCollectionParty.rpt:Invalid report version.
01/11/19, 17:12:53, 4, 0, D:\Library\Weaving\IFAS\Reports\OS Reports\CHKTRD\DailyCollectionParty.rpt:Invalid report version.
01/11/19, 17:13:08, 4, 0, D:\Library\Weaving\IFAS\Reports\OS Reports\CHKTRD\DailyCollectionParty.rpt:Invalid report version.
01/11/19, 17:13:11, 4, 0, D:\Library\Weaving\IFAS\Reports\OS Reports\CHKTRD\DailyCollectionParty.rpt:Invalid report version.
01/11/19, 17:14:08, 4, 0, D:\Library\Weaving\IFAS\Reports\OS Reports\CHKTRD\DailyCollectionParty.rpt:Invalid report version.
01/11/19, 17:14:10, 4, 0, D:\Library\Weaving\IFAS\Reports\OS Reports\CHKTRD\DailyCollectionParty.rpt:Invalid report version.
01/11/19, 17:14:56, 4, 0, D:\Library\Weaving\IFAS\Reports\OS Reports\CHKTRD\DailyCollectionParty.rpt:Invalid report version.
01/11/19, 17:15:05, 4, 0, D:\Library\Weaving\IFAS\Reports\OS Reports\CHKTRD\DailyCollectionParty.rpt:Invalid report version.
01/11/19, 17:16:49, 4, 0, D:\Library\Weaving\IFAS\Reports\OS Reports\CHKTRD\DailyCollectionParty.rpt:Invalid report version.
01/11/19, 17:16:51, 4, 0, D:\Library\Weaving\IFAS\Reports\OS Reports\CHKTRD\DailyCollectionParty.rpt:Invalid report version.
01/11/19, 17:17:00, 4, 0, D:\Library\Weaving\IFAS\Reports\OS Reports\CHKTRD\DailyCollectionParty.rpt:Invalid report version.
01/11/19, 17:17:38, 4, 0, D:\Library\Weaving\IFAS\Reports\OS Reports\CHKTRD\DailyCollectionParty.rpt:Invalid report version.
01/11/19, 17:17:52, 4, 0, D:\Library\Weaving\IFAS\Reports\OS Reports\CHKTRD\DailyCollectionParty.rpt:Invalid report version.
01/11/19, 17:18:01, 4, 0, D:\Library\Weaving\IFAS\Reports\OS Reports\CHKTRD\DailyCollectionParty.rpt:Invalid report version.
01/11/19, 17:19:05, 4, 0, D:\Library\Weaving\IFAS\Reports\OS Reports\CHKTRD\DailyCollectionParty.rpt:Invalid report version.
01/11/19, 17:19:07, 4, 0, D:\Library\Weaving\IFAS\Reports\OS Reports\CHKTRD\DailyCollectionParty.rpt:Invalid report version.
01/11/19, 17:20:20, 4, 0, D:\Library\Weaving\IFAS\Reports\OS Reports\CHKTRD\DailyCollectionParty.rpt:Invalid report version.
01/11/19, 17:20:29, 4, 0, D:\Library\Weaving\IFAS\Reports\OS Reports\CHKTRD\DailyCollectionParty.rpt:Invalid report version.
01/11/19, 17:20:56, 4, 0, D:\Library\Weaving\IFAS\Reports\OS Reports\CHKTRD\DailyCollectionParty.rpt:Invalid report version.
01/11/19, 17:21:02, 4, 0, D:\Library\Weaving\IFAS\Reports\OS Reports\CHKTRD\DailyCollectionParty.rpt:Invalid report version.
01/11/19, 17:21:34, 4, 0, D:\Library\Weaving\IFAS\Reports\OS Reports\CHKTRD\DailyCollectionParty.rpt:Invalid report version.
01/11/19, 17:22:17, 4, 0, D:\Library\Weaving\IFAS\Reports\OS Reports\CHKTRD\DailyCollectionParty.rpt:Invalid report version.
01/11/19, 17:22:24, 4, 0, D:\Library\Weaving\IFAS\Reports\OS Reports\CHKTRD\DailyCollectionParty.rpt:Invalid report version.
01/11/19, 17:22:28, 4, 0, D:\Library\Weaving\IFAS\Reports\OS Reports\CHKTRD\DailyCollectionParty.rpt:Invalid report version.
01/11/19, 17:22:50, 4, 0, D:\Library\Weaving\IFAS\Reports\OS Reports\CHKTRD\DailyCollectionParty.rpt:Invalid report version.
01/11/19, 17:22:51, 4, 0, D:\Library\Weaving\IFAS\Reports\OS Reports\CHKTRD\DailyCollectionParty.rpt:Invalid report version.
01/11/19, 17:23:32, 4, 0, D:\Library\Weaving\IFAS\Reports\OS Reports\CHKTRD\DailyCollectionParty.rpt:Invalid report version.
01/11/19, 17:23:41, 4, 0, D:\Library\Weaving\IFAS\Reports\OS Reports\CHKTRD\DailyCollectionParty.rpt:Invalid report version.
01/11/19, 17:23:59, 4, 0, D:\Library\Weaving\IFAS\Reports\OS Reports\CHKTRD\DailyCollectionParty.rpt:Invalid report version.
01/11/19, 17:24:04, 4, 0, D:\Library\Weaving\IFAS\Reports\OS Reports\CHKTRD\DailyCollectionParty.rpt:Invalid report version.
01/11/19, 17:24:37, 4, 0, D:\Library\Weaving\IFAS\Reports\OS Reports\CHKTRD\DailyCollectionParty.rpt:Invalid report version.
01/11/19, 17:24:40, 4, 0, D:\Library\Weaving\IFAS\Reports\OS Reports\CHKTRD\DailyCollectionParty.rpt:Invalid report version.
01/11/19, 17:25:04, 4, 0, D:\Library\Weaving\IFAS\Reports\OS Reports\CHKTRD\DailyCollectionParty.rpt:Invalid report version.
01/11/19, 17:25:05, 4, 0, D:\Library\Weaving\IFAS\Reports\OS Reports\CHKTRD\DailyCollectionParty.rpt:Invalid report version.
01/11/19, 17:25:27, 4, 0, D:\Library\Weaving\IFAS\Reports\OS Reports\CHKTRD\DailyCollectionParty.rpt:Invalid report version.
01/11/19, 17:25:27, 4, 0, D:\Library\Weaving\IFAS\Reports\OS Reports\CHKTRD\DailyCollectionParty.rpt:Invalid report version.
01/11/19, 17:26:57, 4, 0, D:\Library\Weaving\IFAS\Reports\OS Reports\CHKTRD\DailyCollectionParty.rpt:Invalid report version.
01/11/19, 17:26:58, 4, 0, D:\Library\Weaving\IFAS\Reports\OS Reports\CHKTRD\DailyCollectionParty.rpt:Invalid report version.
01/11/19, 17:27:17, 4, 0, D:\Library\Weaving\IFAS\Reports\OS Reports\CHKTRD\DailyCollectionParty.rpt:Invalid report version.
01/11/19, 17:27:17, 4, 0, D:\Library\Weaving\IFAS\Reports\OS Reports\CHKTRD\DailyCollectionParty.rpt:Invalid report version.
01/11/19, 17:27:45, 4, 0, D:\Library\Weaving\IFAS\Reports\OS Reports\CHKTRD\DailyCollectionParty.rpt:Invalid report version.
01/11/19, 17:27:45, 4, 0, D:\Library\Weaving\IFAS\Reports\OS Reports\CHKTRD\DailyCollectionParty.rpt:Invalid report version.
01/11/19, 17:28:15, 4, 0, D:\Library\Weaving\IFAS\Reports\OS Reports\CHKTRD\DailyCollectionParty.rpt:Invalid report version.
01/11/19, 17:28:15, 4, 0, D:\Library\Weaving\IFAS\Reports\OS Reports\CHKTRD\DailyCollectionParty.rpt:Invalid report version.
01/11/19, 17:28:42, 4, 0, D:\Library\Weaving\IFAS\Reports\OS Reports\CHKTRD\DailyCollectionParty.rpt:Invalid report version.
01/11/19, 17:28:42, 4, 0, D:\Library\Weaving\IFAS\Reports\OS Reports\CHKTRD\DailyCollectionParty.rpt:Invalid report version.
01/11/19, 17:30:01, 4, 0, D:\Library\Weaving\IFAS\Reports\OS Reports\CHKTRD\DailyCollectionParty.rpt:Invalid report version.
01/11/19, 17:30:01, 4, 0, D:\Library\Weaving\IFAS\Reports\OS Reports\CHKTRD\DailyCollectionParty.rpt:Invalid report version.
10/01/19, 13:41:09, 4, 0, :File not found.
10/01/19, 13:41:09, 4, 0, :File not found.
11/14/19, 12:39:30, 4, 0, E:\SERVER BACKUP @ 20-09-2019\DRIVE D\Library\Weaving\IFAS\Reports\Grade Reports\SANFAC\Productions\Machine\DenierGrade.rpt:Invalid report version.
11/14/19, 12:39:30, 4, 0, E:\SERVER BACKUP @ 20-09-2019\DRIVE D\Library\Weaving\IFAS\Reports\Grade Reports\SANFAC\Productions\Machine\DenierGrade.rpt:Invalid report version.
